Generate GTs for single_2 for train stage
Generate GTs for single_3 for train stage
Generate GTs for single_4 for train stage
Generate GTs for single_5 for train stage
Generate GTs for single_6 for train stage
Generate GTs for single_7 for train stage
Generate GTs for single_8 for train stage
Generate GTs for single_9 for train stage
Generate GTs for single_10 for train stage
Generate GTs for single_11 for train stage
Generate GTs for single_12 for train stage
Generate GTs for single_13 for train stage
Generate GTs for single_18 for train stage
Generate GTs for single_19 for train stage
Generate GTs for single_20 for train stage
Generate GTs for single_21 for train stage
Generate GTs for single_22 for train stage
Generate GTs for single_23 for train stage
Generate GTs for single_24 for train stage
Generate GTs for single_25 for train stage
Generate GTs for single_26 for train stage
Generate GTs for single_27 for train stage
Generate GTs for single_28 for train stage
Generate GTs for single_29 for train stage
Generate GTs for single_30 for train stage
Generate GTs for single_33 for train stage
Generate GTs for single_35 for train stage
Generate GTs for single_36 for train stage
Generate GTs for single_37 for train stage
Generate GTs for single_43 for train stage
Generate GTs for single_44 for train stage
Generate GTs for single_45 for train stage
Generate GTs for single_46 for train stage
Generate GTs for single_47 for train stage
Generate GTs for single_48 for train stage
Generate GTs for single_49 for train stage
Generate GTs for single_50 for train stage
Generate GTs for single_51 for train stage
Generate GTs for single_52 for train stage
Generate GTs for single_58 for train stage
Generate GTs for single_59 for train stage
Generate GTs for single_60 for train stage
Generate GTs for single_61 for train stage
Generate GTs for single_62 for train stage
Generate GTs for single_63 for train stage
Generate GTs for single_64 for train stage
Generate GTs for single_66 for train stage
Generate GTs for single_71 for train stage
Generate GTs for single_73 for train stage
Generate GTs for single_74 for train stage
Generate GTs for single_75 for train stage
Generate GTs for single_76 for train stage
Generate GTs for single_77 for train stage
Generate GTs for single_78 for train stage
Generate GTs for single_79 for train stage
Generate GTs for single_80 for train stage
Generate GTs for single_81 for train stage
Generate GTs for single_83 for train stage
Generate GTs for single_84 for train stage
Generate GTs for single_87 for train stage
Generate GTs for single_88 for train stage
Generate GTs for single_89 for train stage
Generate GTs for single_90 for train stage
Generate GTs for single_91 for train stage
Generate GTs for single_92 for train stage
Generate GTs for single_93 for train stage
Generate GTs for single_94 for train stage
Generate GTs for single_95 for train stage
Generate GTs for single_96 for train stage
Generate GTs for single_97 for train stage
Generate GTs for single_31 for train stage
Generate GTs for single_32 for train stage
Generate GTs for single_53 for train stage
Generate GTs for single_54 for train stage
Generate GTs for single_55 for train stage
Generate GTs for single_67 for train stage
Generate GTs for single_68 for train stage
Generate GTs for single_69 for train stage
Generate GTs for single_70 for train stage
Generate GTs for single_72 for train stage
Generate GTs for single_85 for train stage
Generate GTs for single_86 for train stage
Generate GTs for single_100 for train stage
Generate GTs for single_157 for train stage
Generate GTs for single_158 for train stage
Generate GTs for single_160 for train stage
Generate GTs for single_167 for train stage
Generate GTs for single_168 for train stage
Generate GTs for single_169 for train stage
Generate GTs for single_170 for train stage
Generate GTs for single_177 for train stage
Generate GTs for single_179 for train stage
Generate GTs for single_180 for train stage
Generate GTs for single_187 for train stage
Generate GTs for single_188 for train stage
Generate GTs for single_189 for train stage
Generate GTs for single_190 for train stage
Generate GTs for single_228 for train stage
Generate GTs for single_229 for train stage
Generate GTs for single_230 for train stage
Generate GTs for single_259 for train stage
Generate GTs for single_260 for train stage
Generate GTs for single_263 for train stage
Generate GTs for single_264 for train stage
Generate GTs for single_269 for train stage
Generate GTs for single_270 for train stage
Generate GTs for single_273 for train stage
Generate GTs for single_274 for train stage
Generate GTs for single_102 for train stage
Generate GTs for single_103 for train stage
Generate GTs for single_104 for train stage
Generate GTs for single_105 for train stage
Generate GTs for single_106 for train stage
Generate GTs for single_107 for train stage
Generate GTs for single_108 for train stage
Generate GTs for single_109 for train stage
Generate GTs for single_110 for train stage
Generate GTs for single_119 for train stage
Generate GTs for single_121 for train stage
Generate GTs for single_122 for train stage
Generate GTs for single_123 for train stage
Generate GTs for single_124 for train stage
Generate GTs for single_133 for train stage
Generate GTs for single_134 for train stage
Generate GTs for single_135 for train stage
Generate GTs for single_138 for train stage
Generate GTs for single_147 for train stage
Generate GTs for single_148 for train stage
Generate GTs for single_149 for train stage
Generate GTs for single_150 for train stage
Generate GTs for single_151 for train stage
Generate GTs for single_152 for train stage
Generate GTs for single_153 for train stage
Generate GTs for single_154 for train stage
Generate GTs for single_155 for train stage
Generate GTs for single_162 for train stage
Generate GTs for single_163 for train stage
Generate GTs for single_165 for train stage
Generate GTs for single_166 for train stage
Generate GTs for single_171 for train stage
Generate GTs for single_172 for train stage
Generate GTs for single_173 for train stage
Generate GTs for single_174 for train stage
Generate GTs for single_175 for train stage
Generate GTs for single_176 for train stage
Generate GTs for single_182 for train stage
Generate GTs for single_183 for train stage
Generate GTs for single_184 for train stage
Generate GTs for single_185 for train stage
Generate GTs for single_186 for train stage
Generate GTs for single_191 for train stage
Generate GTs for single_192 for train stage
Generate GTs for single_193 for train stage
Generate GTs for single_195 for train stage
Generate GTs for single_196 for train stage
Generate GTs for single_198 for train stage
Generate GTs for single_199 for train stage
Generate GTs for single_200 for train stage
Generate GTs for single_201 for train stage
Generate GTs for single_202 for train stage
Generate GTs for single_203 for train stage
Generate GTs for single_204 for train stage
Generate GTs for single_206 for train stage
Generate GTs for single_207 for train stage
Generate GTs for single_208 for train stage
Generate GTs for single_209 for train stage
Generate GTs for single_210 for train stage
Generate GTs for single_211 for train stage
Generate GTs for single_212 for train stage
Generate GTs for single_213 for train stage
Generate GTs for single_215 for train stage
Generate GTs for single_216 for train stage
Generate GTs for single_223 for train stage
Generate GTs for single_224 for train stage
Generate GTs for single_225 for train stage
Generate GTs for single_226 for train stage
Generate GTs for single_231 for train stage
Generate GTs for single_232 for train stage
Generate GTs for single_233 for train stage
Generate GTs for single_234 for train stage
Generate GTs for single_235 for train stage
Generate GTs for single_236 for train stage
Generate GTs for single_258 for train stage
Generate GTs for single_261 for train stage
Generate GTs for single_262 for train stage
Generate GTs for single_265 for train stage
Generate GTs for single_266 for train stage
Generate GTs for single_267 for train stage
Generate GTs for single_268 for train stage
Generate GTs for single_271 for train stage
Generate GTs for single_272 for train stage
Generate GTs for single_275 for train stage
Generate GTs for single_276 for train stage
loading annotations into memory...
Done (t=2.38s)
creating index...
index created!
Generate GTs for single_1 for val stage
Generate GTs for single_14 for val stage
Generate GTs for single_34 for val stage
Generate GTs for single_57 for val stage
Generate GTs for single_65 for val stage
Generate GTs for single_98 for val stage
Generate GTs for single_56 for val stage
Generate GTs for single_99 for val stage
Generate GTs for single_159 for val stage
Generate GTs for single_178 for val stage
Generate GTs for single_101 for val stage
Generate GTs for single_120 for val stage
Generate GTs for single_137 for val stage
Generate GTs for single_156 for val stage
Generate GTs for single_161 for val stage
Generate GTs for single_164 for val stage
Generate GTs for single_181 for val stage
Generate GTs for single_194 for val stage
Generate GTs for single_197 for val stage
Generate GTs for single_205 for val stage
Generate GTs for single_257 for val stage
loading annotations into memory...
Done (t=0.23s)
creating index...
index created!
==========>Train set size: 5790
==========>Test set size: 394
==========>Train the model from scratch
Loading and preparing results...
DONE (t=0.25s)
creating index...
index created!
Running per image evaluation...
Evaluate annotation type *keypoints*
DONE (t=1.14s).
Accumulating evaluation results...
DONE (t=0.11s).
 Average Precision  (AP) @[ IoU=0.50:0.95 | area=   all | maxDets= 20 ] = 0.463
 Average Precision  (AP) @[ IoU=0.50      | area=   all | maxDets= 20 ] = 0.986
 Average Precision  (AP) @[ IoU=0.75      | area=   all | maxDets= 20 ] = 0.275
 Average Precision  (AP) @[ IoU=0.50:0.95 | area=medium | maxDets= 20 ] = 0.448
 Average Precision  (AP) @[ IoU=0.50:0.95 | area= large | maxDets= 20 ] = 0.478
 Average Recall     (AR) @[ IoU=0.50:0.95 | area=   all | maxDets= 20 ] = 0.532
 Average Recall     (AR) @[ IoU=0.50      | area=   all | maxDets= 20 ] = 0.994
 Average Recall     (AR) @[ IoU=0.75      | area=   all | maxDets= 20 ] = 0.479
 Average Recall     (AR) @[ IoU=0.50:0.95 | area=medium | maxDets= 20 ] = 0.522
 Average Recall     (AR) @[ IoU=0.50:0.95 | area= large | maxDets= 20 ] = 0.541
AP:	0.463	Ap .5:	0.986	AP .75:	0.275	AP (M):	0.448	AP (L):	0.478
AR:	0.532	AR .5:	0.994	AR .75:	0.479	AR (M):	0.522	AR (L):	0.541
==========>Save the best model...
==========>Save the latest model...
Loading and preparing results...
DONE (t=0.24s)
creating index...
index created!
Running per image evaluation...
Evaluate annotation type *keypoints*
DONE (t=1.48s).
Accumulating evaluation results...
DONE (t=0.11s).
 Average Precision  (AP) @[ IoU=0.50:0.95 | area=   all | maxDets= 20 ] = 0.548
 Average Precision  (AP) @[ IoU=0.50      | area=   all | maxDets= 20 ] = 0.988
 Average Precision  (AP) @[ IoU=0.75      | area=   all | maxDets= 20 ] = 0.519
 Average Precision  (AP) @[ IoU=0.50:0.95 | area=medium | maxDets= 20 ] = 0.541
 Average Precision  (AP) @[ IoU=0.50:0.95 | area= large | maxDets= 20 ] = 0.556
 Average Recall     (AR) @[ IoU=0.50:0.95 | area=   all | maxDets= 20 ] = 0.616
 Average Recall     (AR) @[ IoU=0.50      | area=   all | maxDets= 20 ] = 0.997
 Average Recall     (AR) @[ IoU=0.75      | area=   all | maxDets= 20 ] = 0.684
 Average Recall     (AR) @[ IoU=0.50:0.95 | area=medium | maxDets= 20 ] = 0.605
 Average Recall     (AR) @[ IoU=0.50:0.95 | area= large | maxDets= 20 ] = 0.627
AP:	0.548	Ap .5:	0.988	AP .75:	0.519	AP (M):	0.541	AP (L):	0.556
AR:	0.616	AR .5:	0.997	AR .75:	0.684	AR (M):	0.605	AR (L):	0.627
==========>Save the best model...
==========>Save the latest model...
Loading and preparing results...
DONE (t=0.25s)
creating index...
index created!
Running per image evaluation...
Evaluate annotation type *keypoints*
DONE (t=5.36s).
Accumulating evaluation results...
DONE (t=0.12s).
 Average Precision  (AP) @[ IoU=0.50:0.95 | area=   all | maxDets= 20 ] = 0.642
 Average Precision  (AP) @[ IoU=0.50      | area=   all | maxDets= 20 ] = 0.990
 Average Precision  (AP) @[ IoU=0.75      | area=   all | maxDets= 20 ] = 0.754
 Average Precision  (AP) @[ IoU=0.50:0.95 | area=medium | maxDets= 20 ] = 0.646
 Average Precision  (AP) @[ IoU=0.50:0.95 | area= large | maxDets= 20 ] = 0.646
 Average Recall     (AR) @[ IoU=0.50:0.95 | area=   all | maxDets= 20 ] = 0.716
 Average Recall     (AR) @[ IoU=0.50      | area=   all | maxDets= 20 ] = 0.999
 Average Recall     (AR) @[ IoU=0.75      | area=   all | maxDets= 20 ] = 0.857
 Average Recall     (AR) @[ IoU=0.50:0.95 | area=medium | maxDets= 20 ] = 0.699
 Average Recall     (AR) @[ IoU=0.50:0.95 | area= large | maxDets= 20 ] = 0.734
AP:	0.642	Ap .5:	0.990	AP .75:	0.754	AP (M):	0.646	AP (L):	0.646
AR:	0.716	AR .5:	0.999	AR .75:	0.857	AR (M):	0.699	AR (L):	0.734
==========>Save the best model...
==========>Save the latest model...
Loading and preparing results...
DONE (t=0.25s)
creating index...
index created!
Running per image evaluation...
Evaluate annotation type *keypoints*
DONE (t=1.53s).
Accumulating evaluation results...
DONE (t=0.12s).
 Average Precision  (AP) @[ IoU=0.50:0.95 | area=   all | maxDets= 20 ] = 0.641
 Average Precision  (AP) @[ IoU=0.50      | area=   all | maxDets= 20 ] = 0.989
 Average Precision  (AP) @[ IoU=0.75      | area=   all | maxDets= 20 ] = 0.754
 Average Precision  (AP) @[ IoU=0.50:0.95 | area=medium | maxDets= 20 ] = 0.662
 Average Precision  (AP) @[ IoU=0.50:0.95 | area= large | maxDets= 20 ] = 0.626
 Average Recall     (AR) @[ IoU=0.50:0.95 | area=   all | maxDets= 20 ] = 0.712
 Average Recall     (AR) @[ IoU=0.50      | area=   all | maxDets= 20 ] = 0.998
 Average Recall     (AR) @[ IoU=0.75      | area=   all | maxDets= 20 ] = 0.851
 Average Recall     (AR) @[ IoU=0.50:0.95 | area=medium | maxDets= 20 ] = 0.710
 Average Recall     (AR) @[ IoU=0.50:0.95 | area= large | maxDets= 20 ] = 0.713
AP:	0.641	Ap .5:	0.989	AP .75:	0.754	AP (M):	0.662	AP (L):	0.626
AR:	0.712	AR .5:	0.998	AR .75:	0.851	AR (M):	0.710	AR (L):	0.713
==========>Save the latest model...
Loading and preparing results...
DONE (t=0.25s)
creating index...
index created!
Running per image evaluation...
Evaluate annotation type *keypoints*
DONE (t=5.85s).
Accumulating evaluation results...
DONE (t=0.11s).
 Average Precision  (AP) @[ IoU=0.50:0.95 | area=   all | maxDets= 20 ] = 0.664
 Average Precision  (AP) @[ IoU=0.50      | area=   all | maxDets= 20 ] = 0.989
 Average Precision  (AP) @[ IoU=0.75      | area=   all | maxDets= 20 ] = 0.803
 Average Precision  (AP) @[ IoU=0.50:0.95 | area=medium | maxDets= 20 ] = 0.664
 Average Precision  (AP) @[ IoU=0.50:0.95 | area= large | maxDets= 20 ] = 0.673
 Average Recall     (AR) @[ IoU=0.50:0.95 | area=   all | maxDets= 20 ] = 0.741
 Average Recall     (AR) @[ IoU=0.50      | area=   all | maxDets= 20 ] = 0.999
 Average Recall     (AR) @[ IoU=0.75      | area=   all | maxDets= 20 ] = 0.887
 Average Recall     (AR) @[ IoU=0.50:0.95 | area=medium | maxDets= 20 ] = 0.706
 Average Recall     (AR) @[ IoU=0.50:0.95 | area= large | maxDets= 20 ] = 0.777
AP:	0.664	Ap .5:	0.989	AP .75:	0.803	AP (M):	0.664	AP (L):	0.673
AR:	0.741	AR .5:	0.999	AR .75:	0.887	AR (M):	0.706	AR (L):	0.777
==========>Save the best model...
==========>Save the latest model...
Loading and preparing results...
DONE (t=4.56s)
creating index...
index created!
Running per image evaluation...
Evaluate annotation type *keypoints*
DONE (t=1.34s).
Accumulating evaluation results...
DONE (t=0.12s).
 Average Precision  (AP) @[ IoU=0.50:0.95 | area=   all | maxDets= 20 ] = 0.685
 Average Precision  (AP) @[ IoU=0.50      | area=   all | maxDets= 20 ] = 0.990
 Average Precision  (AP) @[ IoU=0.75      | area=   all | maxDets= 20 ] = 0.857
 Average Precision  (AP) @[ IoU=0.50:0.95 | area=medium | maxDets= 20 ] = 0.693
 Average Precision  (AP) @[ IoU=0.50:0.95 | area= large | maxDets= 20 ] = 0.685
 Average Recall     (AR) @[ IoU=0.50:0.95 | area=   all | maxDets= 20 ] = 0.750
 Average Recall     (AR) @[ IoU=0.50      | area=   all | maxDets= 20 ] = 0.999
 Average Recall     (AR) @[ IoU=0.75      | area=   all | maxDets= 20 ] = 0.919
 Average Recall     (AR) @[ IoU=0.50:0.95 | area=medium | maxDets= 20 ] = 0.742
 Average Recall     (AR) @[ IoU=0.50:0.95 | area= large | maxDets= 20 ] = 0.759
AP:	0.685	Ap .5:	0.990	AP .75:	0.857	AP (M):	0.693	AP (L):	0.685
AR:	0.750	AR .5:	0.999	AR .75:	0.919	AR (M):	0.742	AR (L):	0.759
==========>Save the best model...
==========>Save the latest model...
Loading and preparing results...
DONE (t=0.24s)
creating index...
index created!
Running per image evaluation...
Evaluate annotation type *keypoints*
DONE (t=1.50s).
Accumulating evaluation results...
DONE (t=0.11s).
 Average Precision  (AP) @[ IoU=0.50:0.95 | area=   all | maxDets= 20 ] = 0.684
 Average Precision  (AP) @[ IoU=0.50      | area=   all | maxDets= 20 ] = 0.989
 Average Precision  (AP) @[ IoU=0.75      | area=   all | maxDets= 20 ] = 0.859
 Average Precision  (AP) @[ IoU=0.50:0.95 | area=medium | maxDets= 20 ] = 0.681
 Average Precision  (AP) @[ IoU=0.50:0.95 | area= large | maxDets= 20 ] = 0.692
 Average Recall     (AR) @[ IoU=0.50:0.95 | area=   all | maxDets= 20 ] = 0.754
 Average Recall     (AR) @[ IoU=0.50      | area=   all | maxDets= 20 ] = 0.999
 Average Recall     (AR) @[ IoU=0.75      | area=   all | maxDets= 20 ] = 0.914
 Average Recall     (AR) @[ IoU=0.50:0.95 | area=medium | maxDets= 20 ] = 0.734
 Average Recall     (AR) @[ IoU=0.50:0.95 | area= large | maxDets= 20 ] = 0.775
AP:	0.684	Ap .5:	0.989	AP .75:	0.859	AP (M):	0.681	AP (L):	0.692
AR:	0.754	AR .5:	0.999	AR .75:	0.914	AR (M):	0.734	AR (L):	0.775
==========>Save the latest model...
Loading and preparing results...
DONE (t=5.04s)
creating index...
index created!
Running per image evaluation...
Evaluate annotation type *keypoints*
DONE (t=1.23s).
Accumulating evaluation results...
DONE (t=0.11s).
 Average Precision  (AP) @[ IoU=0.50:0.95 | area=   all | maxDets= 20 ] = 0.675
 Average Precision  (AP) @[ IoU=0.50      | area=   all | maxDets= 20 ] = 0.990
 Average Precision  (AP) @[ IoU=0.75      | area=   all | maxDets= 20 ] = 0.840
 Average Precision  (AP) @[ IoU=0.50:0.95 | area=medium | maxDets= 20 ] = 0.665
 Average Precision  (AP) @[ IoU=0.50:0.95 | area= large | maxDets= 20 ] = 0.688
 Average Recall     (AR) @[ IoU=0.50:0.95 | area=   all | maxDets= 20 ] = 0.739
 Average Recall     (AR) @[ IoU=0.50      | area=   all | maxDets= 20 ] = 0.998
 Average Recall     (AR) @[ IoU=0.75      | area=   all | maxDets= 20 ] = 0.902
 Average Recall     (AR) @[ IoU=0.50:0.95 | area=medium | maxDets= 20 ] = 0.717
 Average Recall     (AR) @[ IoU=0.50:0.95 | area= large | maxDets= 20 ] = 0.762
AP:	0.675	Ap .5:	0.990	AP .75:	0.840	AP (M):	0.665	AP (L):	0.688
AR:	0.739	AR .5:	0.998	AR .75:	0.902	AR (M):	0.717	AR (L):	0.762
==========>Save the latest model...
Loading and preparing results...
DONE (t=0.27s)
creating index...
index created!
Running per image evaluation...
Evaluate annotation type *keypoints*
DONE (t=1.71s).
Accumulating evaluation results...
DONE (t=0.12s).
 Average Precision  (AP) @[ IoU=0.50:0.95 | area=   all | maxDets= 20 ] = 0.710
 Average Precision  (AP) @[ IoU=0.50      | area=   all | maxDets= 20 ] = 0.990
 Average Precision  (AP) @[ IoU=0.75      | area=   all | maxDets= 20 ] = 0.888
 Average Precision  (AP) @[ IoU=0.50:0.95 | area=medium | maxDets= 20 ] = 0.709
 Average Precision  (AP) @[ IoU=0.50:0.95 | area= large | maxDets= 20 ] = 0.717
 Average Recall     (AR) @[ IoU=0.50:0.95 | area=   all | maxDets= 20 ] = 0.773
 Average Recall     (AR) @[ IoU=0.50      | area=   all | maxDets= 20 ] = 0.999
 Average Recall     (AR) @[ IoU=0.75      | area=   all | maxDets= 20 ] = 0.934
 Average Recall     (AR) @[ IoU=0.50:0.95 | area=medium | maxDets= 20 ] = 0.749
 Average Recall     (AR) @[ IoU=0.50:0.95 | area= large | maxDets= 20 ] = 0.798
AP:	0.710	Ap .5:	0.990	AP .75:	0.888	AP (M):	0.709	AP (L):	0.717
AR:	0.773	AR .5:	0.999	AR .75:	0.934	AR (M):	0.749	AR (L):	0.798
==========>Save the best model...
==========>Save the latest model...
Loading and preparing results...
DONE (t=0.25s)
creating index...
index created!
Running per image evaluation...
Evaluate annotation type *keypoints*
DONE (t=1.24s).
Accumulating evaluation results...
DONE (t=0.11s).
 Average Precision  (AP) @[ IoU=0.50:0.95 | area=   all | maxDets= 20 ] = 0.706
 Average Precision  (AP) @[ IoU=0.50      | area=   all | maxDets= 20 ] = 0.990
 Average Precision  (AP) @[ IoU=0.75      | area=   all | maxDets= 20 ] = 0.885
 Average Precision  (AP) @[ IoU=0.50:0.95 | area=medium | maxDets= 20 ] = 0.713
 Average Precision  (AP) @[ IoU=0.50:0.95 | area= large | maxDets= 20 ] = 0.706
 Average Recall     (AR) @[ IoU=0.50:0.95 | area=   all | maxDets= 20 ] = 0.777
 Average Recall     (AR) @[ IoU=0.50      | area=   all | maxDets= 20 ] = 0.999
 Average Recall     (AR) @[ IoU=0.75      | area=   all | maxDets= 20 ] = 0.937
 Average Recall     (AR) @[ IoU=0.50:0.95 | area=medium | maxDets= 20 ] = 0.760
 Average Recall     (AR) @[ IoU=0.50:0.95 | area= large | maxDets= 20 ] = 0.794
AP:	0.706	Ap .5:	0.990	AP .75:	0.885	AP (M):	0.713	AP (L):	0.706
AR:	0.777	AR .5:	0.999	AR .75:	0.937	AR (M):	0.760	AR (L):	0.794
==========>Save the latest model...
